   Compiling proc-macro2 v1.0.107
   Compiling quote v1.0.47
   Compiling unicode-ident v1.0.24
   Compiling libc v0.2.189
    Checking cfg-if v1.0.4
    Checking pin-project-lite v0.2.17
   Compiling serde_core v1.0.229
    Checking futures-core v0.3.34
   Compiling serde v1.0.229
   Compiling find-msvc-tools v0.1.10
   Compiling shlex v2.0.1
   Compiling pkg-config v0.3.33
    Checking bitflags v2.13.1
    Checking smallvec v1.15.2
   Compiling vcpkg v0.2.15
    Checking futures-io v0.3.34
    Checking memchr v2.8.3
    Checking stable_deref_trait v1.2.1
   Compiling parking_lot_core v0.9.12
    Checking slab v0.4.12
    Checking scopeguard v1.2.0
   Compiling rustix v1.1.4
    Checking bytes v1.12.1
    Checking lock_api v0.4.14
    Checking linux-raw-sys v0.12.1
    Checking parking v2.2.1
    Checking fastrand v2.5.0
   Compiling winnow v1.0.4
    Checking futures-sink v0.3.33
    Checking once_cell v1.21.4
    Checking itoa v1.0.18
    Checking litemap v0.8.2
    Checking writeable v0.6.3
   Compiling hashbrown v0.17.1
   Compiling crossbeam-utils v0.8.22
   Compiling equivalent v1.0.2
   Compiling autocfg v1.5.1
   Compiling icu_normalizer_data v2.2.0
   Compiling toml_datetime v1.1.1+spec-1.1.0
   Compiling icu_properties_data v2.2.0
    Checking utf8_iter v1.0.4
    Checking futures-channel v0.3.33
    Checking percent-encoding v2.3.2
    Checking atomic-waker v1.1.2
    Checking http v1.5.0
    Checking tracing-core v0.1.36
    Checking event-listener v5.4.2
   Compiling indexmap v2.14.0
    Checking concurrent-queue v2.5.0
    Checking futures-task v0.3.34
    Checking futures-lite v2.6.1
   Compiling toml_parser v1.1.3+spec-1.1.0
    Checking errno v0.3.14
    Checking mio v1.2.2
    Checking socket2 v0.6.5
    Checking event-listener-strategy v0.5.4
   Compiling jobserver v0.1.35
    Checking log v0.4.33
    Checking signal-hook-registry v1.4.8
   Compiling syn v2.0.119
   Compiling syn v3.0.3
   Compiling cc v1.4.2
    Checking parking_lot v0.12.5
    Checking fnv v1.0.7
   Compiling getrandom v0.3.4
    Checking http-body v1.1.0
   Compiling async-io v2.6.0
    Checking form_urlencoded v1.2.2
   Compiling httparse v1.10.1
    Checking foreign-types-shared v0.1.1
   Compiling openssl v0.10.81
    Checking foreign-types v0.3.2
    Checking async-task v4.7.1
   Compiling native-tls v0.2.18
   Compiling toml_edit v0.25.13+spec-1.1.0
   Compiling endi v1.1.1
    Checking try-lock v0.2.5
    Checking tower-service v0.3.3
    Checking want v0.3.1
    Checking async-channel v2.5.0
    Checking utf8parse v0.2.2
    Checking arrayvec v0.7.8
    Checking minimal-lexical v0.2.1
   Compiling zmij v1.0.23
    Checking openssl-probe v0.2.1
    Checking anstyle-parse v1.0.0
    Checking async-lock v3.4.2
    Checking piper v0.2.5
    Checking sync_wrapper v1.0.2
   Compiling thiserror v1.0.69
    Checking ipnet v2.12.1
    Checking vte v0.14.1
   Compiling proc-macro-crate v3.5.0
   Compiling anyhow v1.0.104
    Checking is_terminal_polyfill v1.70.2
    Checking anstyle v1.0.14
    Checking nom v7.1.3
   Compiling serde_json v1.0.151
    Checking base64 v0.22.1
   Compiling zerocopy v0.8.56
    Checking regex-syntax v0.8.11
   Compiling litrs v1.0.0
    Checking anstyle-query v1.1.5
    Checking tower-layer v0.3.3
    Checking colorchoice v1.0.5
   Compiling openssl-sys v0.9.117
   Compiling libz-sys v1.1.29
   Compiling libssh2-sys v0.3.2
   Compiling libgit2-sys v0.18.7+1.9.6
    Checking anstream v1.0.0
    Checking blocking v1.6.2
   Compiling document-features v0.2.12
    Checking async-executor v1.14.0
    Checking rand_core v0.9.5
    Checking uuid v1.24.0
    Checking http-body-util v0.1.4
    Checking async-broadcast v0.7.2
    Checking aho-corasick v1.1.5
    Checking ordered-stream v0.2.0
    Checking zeroize v1.9.0
    Checking option-ext v0.2.0
    Checking clap_lex v1.1.0
    Checking unicode-width v0.2.2
    Checking winnow v0.7.15
    Checking ryu v1.0.23
    Checking strsim v0.11.1
   Compiling heck v0.5.0
    Checking toml_write v0.1.2
    Checking openssl-probe v0.1.6
    Checking hex v0.4.3
    Checking console v0.16.4
    Checking rustls-pki-types v1.15.1
    Checking dirs-sys v0.5.0
    Checking clap_builder v4.6.6
    Checking polling v3.11.0
    Checking crossterm v0.29.0
   Compiling num-traits v0.2.19
    Checking encoding_rs v0.8.35
    Checking mime v0.3.17
    Checking unicode-segmentation v1.13.3
    Checking dirs v6.0.0
    Checking terminal_size v0.4.4
    Checking ansitok v0.3.0
    Checking tempfile v3.27.0
    Checking wait-timeout v0.2.1
    Checking quick-error v1.2.3
    Checking urlencoding v2.1.3
    Checking bit-vec v0.8.0
    Checking rand v0.9.4
    Checking rand_xorshift v0.4.0
    Checking ansi-str v0.9.0
    Checking rusty-fork v0.3.1
    Checking unarray v0.1.4
    Checking bit-set v0.8.0
    Checking regex-automata v0.4.18
    Checking async-signal v0.2.14
    Checking async-process v2.5.0
    Checking comfy-table v7.2.2
   Compiling serde_derive v1.0.229
   Compiling displaydoc v0.2.7
   Compiling tokio-macros v2.7.2
   Compiling async-trait v0.1.92
   Compiling serde_repr v0.1.21
   Compiling clap_derive v4.6.4
    Checking tokio v1.53.1
    Checking regex v1.13.1
    Checking clap v4.6.6
    Checking ppv-lite86 v0.2.21
   Compiling synstructure v0.13.2
    Checking rand_chacha v0.9.0
    Checking zvariant_utils v4.0.0
    Checking zcheapstr v1.1.0
    Checking serde_spanned v0.6.9
    Checking toml_datetime v0.6.11
    Checking serde_urlencoded v0.7.1
    Checking toml_edit v0.22.27
    Checking proptest v1.11.0
   Compiling zerofrom-derive v0.1.7
   Compiling yoke-derive v0.8.2
   Compiling zerovec-derive v0.11.3
   Compiling enumflags2_derive v0.7.12
   Compiling futures-macro v0.3.33
   Compiling tracing-attributes v0.1.31
   Compiling zvariant_derive v5.14.0
    Checking tokio-util v0.7.19
   Compiling openssl-macros v0.1.1
    Checking futures-util v0.3.33
   Compiling async-recursion v1.1.1
   Compiling enumflags2 v0.7.12
   Compiling thiserror-impl v1.0.69
    Checking toml v0.8.23
    Checking zerofrom v0.1.8
    Checking tracing v0.1.44
   Compiling zvariant v5.14.0
    Checking yoke v0.8.3
    Checking h2 v0.4.16
    Checking zerovec v0.11.6
    Checking zerotrie v0.2.4
    Checking tinystr v0.8.3
    Checking potential_utf v0.1.5
    Checking icu_collections v2.2.0
    Checking tower v0.5.3
    Checking futures-executor v0.3.33
    Checking icu_locale_core v2.2.0
    Checking futures v0.3.33
    Checking icu_provider v2.2.0
    Checking hyper v1.11.0
   Compiling zbus_names v4.3.4
    Checking icu_properties v2.2.0
    Checking icu_normalizer v2.2.0
   Compiling zbus_macros v5.19.0
    Checking hyper-util v0.1.20
    Checking idna_adapter v1.2.2
    Checking idna v1.1.0
    Checking tokio-native-tls v0.3.1
    Checking url v2.5.8
    Checking hyper-tls v0.6.0
