   Compiling proc-macro2 v1.0.107
   Compiling quote v1.0.47
   Compiling unicode-ident v1.0.24
   Compiling libc v0.2.189
   Compiling pin-project-lite v0.2.17
   Compiling serde_core v1.0.229
   Compiling serde v1.0.229
   Compiling futures-core v0.3.34
   Compiling cfg-if v1.0.4
   Compiling find-msvc-tools v0.1.10
   Compiling shlex v2.0.1
   Compiling pkg-config v0.3.33
   Compiling smallvec v1.15.2
   Compiling vcpkg v0.2.15
   Compiling bitflags v2.13.1
   Compiling stable_deref_trait v1.2.1
   Compiling memchr v2.8.3
   Compiling futures-io v0.3.34
   Compiling slab v0.4.12
   Compiling parking_lot_core v0.9.12
   Compiling scopeguard v1.2.0
   Compiling bytes v1.12.1
   Compiling parking v2.2.1
   Compiling lock_api v0.4.14
   Compiling winnow v1.0.4
   Compiling futures-sink v0.3.33
   Compiling rustix v1.1.4
   Compiling writeable v0.6.3
   Compiling crossbeam-utils v0.8.22
   Compiling itoa v1.0.18
   Compiling hashbrown v0.17.1
   Compiling litemap v0.8.2
   Compiling syn v3.0.3
   Compiling syn v2.0.119
   Compiling equivalent v1.0.2
   Compiling icu_normalizer_data v2.2.0
   Compiling toml_datetime v1.1.1+spec-1.1.0
   Compiling utf8_iter v1.0.4
   Compiling toml_parser v1.1.3+spec-1.1.0
   Compiling icu_properties_data v2.2.0
   Compiling linux-raw-sys v0.12.1
   Compiling futures-channel v0.3.33
   Compiling once_cell v1.21.4
   Compiling atomic-waker v1.1.2
   Compiling indexmap v2.14.0
   Compiling fastrand v2.5.0
   Compiling percent-encoding v2.3.2
   Compiling concurrent-queue v2.5.0
   Compiling tracing-core v0.1.36
   Compiling http v1.5.0
   Compiling event-listener v5.4.2
   Compiling jobserver v0.1.35
   Compiling errno v0.3.14
   Compiling mio v1.2.2
   Compiling socket2 v0.6.5
   Compiling signal-hook-registry v1.4.8
   Compiling parking_lot v0.12.5
   Compiling futures-task v0.3.34
   Compiling event-listener-strategy v0.5.4
   Compiling futures-lite v2.6.1
   Compiling cc v1.4.2
   Compiling log v0.4.33
   Compiling autocfg v1.5.1
   Compiling form_urlencoded v1.2.2
   Compiling openssl v0.10.81
   Compiling http-body v1.1.0
   Compiling toml_edit v0.25.13+spec-1.1.0
   Compiling httparse v1.10.1
   Compiling foreign-types-shared v0.1.1
   Compiling native-tls v0.2.18
   Compiling proc-macro-crate v3.5.0
   Compiling async-io v2.6.0
   Compiling foreign-types v0.3.2
   Compiling fnv v1.0.7
   Compiling async-task v4.7.1
   Compiling try-lock v0.2.5
   Compiling tower-service v0.3.3
   Compiling endi v1.1.1
   Compiling want v0.3.1
   Compiling async-channel v2.5.0
   Compiling openssl-probe v0.2.1
   Compiling zmij v1.0.23
   Compiling minimal-lexical v0.2.1
   Compiling utf8parse v0.2.2
   Compiling arrayvec v0.7.8
   Compiling synstructure v0.13.2
   Compiling anstyle-parse v1.0.0
   Compiling nom v7.1.3
   Compiling async-lock v3.4.2
   Compiling piper v0.2.5
   Compiling vte v0.14.1
   Compiling sync_wrapper v1.0.2
   Compiling openssl-sys v0.9.117
   Compiling libz-sys v1.1.29
   Compiling libssh2-sys v0.3.2
   Compiling libgit2-sys v0.18.7+1.9.6
   Compiling tower-layer v0.3.3
   Compiling colorchoice v1.0.5
   Compiling base64 v0.22.1
   Compiling is_terminal_polyfill v1.70.2
   Compiling thiserror v1.0.69
   Compiling anstyle-query v1.1.5
   Compiling anyhow v1.0.104
   Compiling ipnet v2.12.1
   Compiling anstyle v1.0.14
   Compiling serde_json v1.0.151
   Compiling litrs v1.0.0
   Compiling anstream v1.0.0
   Compiling blocking v1.6.2
   Compiling async-executor v1.14.0
   Compiling http-body-util v0.1.4
   Compiling uuid v1.24.0
   Compiling document-features v0.2.12
   Compiling async-broadcast v0.7.2
   Compiling aho-corasick v1.1.5
   Compiling ordered-stream v0.2.0
   Compiling ryu v1.0.23
   Compiling clap_lex v1.1.0
   Compiling toml_write v0.1.2
   Compiling ansitok v0.3.0
   Compiling regex-syntax v0.8.11
   Compiling winnow v0.7.15
   Compiling option-ext v0.2.0
   Compiling unicode-width v0.2.2
   Compiling openssl-probe v0.1.6
   Compiling hex v0.4.3
   Compiling strsim v0.11.1
   Compiling zeroize v1.9.0
   Compiling heck v0.5.0
   Compiling rustls-pki-types v1.15.1
   Compiling console v0.16.4
   Compiling ansi-str v0.9.0
   Compiling dirs-sys v0.5.0
   Compiling clap_builder v4.6.6
   Compiling encoding_rs v0.8.35
   Compiling unicode-segmentation v1.13.3
   Compiling zerofrom-derive v0.1.7
   Compiling yoke-derive v0.8.2
   Compiling zerovec-derive v0.11.3
   Compiling enumflags2_derive v0.7.12
   Compiling futures-macro v0.3.33
   Compiling tracing-attributes v0.1.31
   Compiling serde_derive v1.0.229
   Compiling zerofrom v0.1.8
   Compiling displaydoc v0.2.7
   Compiling tokio-macros v2.7.2
   Compiling openssl-macros v0.1.1
   Compiling futures-util v0.3.33
   Compiling tracing v0.1.44
   Compiling polling v3.11.0
   Compiling yoke v0.8.3
   Compiling serde_repr v0.1.21
   Compiling zerovec v0.11.6
   Compiling zerotrie v0.2.4
   Compiling async-trait v0.1.92
   Compiling async-recursion v1.1.1
   Compiling tokio v1.53.1
   Compiling thiserror-impl v1.0.69
   Compiling regex-automata v0.4.18
   Compiling crossterm v0.29.0
   Compiling clap_derive v4.6.4
   Compiling async-signal v0.2.14
   Compiling mime v0.3.17
   Compiling async-process v2.5.0
   Compiling tinystr v0.8.3
   Compiling potential_utf v0.1.5
   Compiling comfy-table v7.2.2
   Compiling icu_locale_core v2.2.0
   Compiling icu_collections v2.2.0
   Compiling futures-executor v0.3.33
   Compiling terminal_size v0.4.4
   Compiling futures v0.3.33
   Compiling dirs v6.0.0
   Compiling icu_provider v2.2.0
   Compiling clap v4.6.6
   Compiling urlencoding v2.1.3
   Compiling icu_normalizer v2.2.0
   Compiling icu_properties v2.2.0
   Compiling tokio-util v0.7.19
   Compiling tower v0.5.3
   Compiling zvariant_utils v4.0.0
   Compiling enumflags2 v0.7.12
   Compiling zcheapstr v1.1.0
   Compiling toml_datetime v0.6.11
   Compiling serde_spanned v0.6.9
   Compiling serde_urlencoded v0.7.1
   Compiling regex v1.13.1
   Compiling idna_adapter v1.2.2
   Compiling h2 v0.4.16
   Compiling toml_edit v0.22.27
   Compiling idna v1.1.0
   Compiling url v2.5.8
   Compiling tokio-native-tls v0.3.1
   Compiling tower-http v0.6.11
   Compiling zvariant_derive v5.14.0
   Compiling toml v0.8.23
   Compiling zvariant v5.14.0
   Compiling hyper v1.11.0
   Compiling zbus_names v4.3.4
   Compiling zbus_macros v5.19.0
   Compiling hyper-util v0.1.20
   Compiling hyper-tls v0.6.0
   Compiling reqwest v0.12.28
   Compiling zbus v5.19.0
   Compiling notify-rust v4.18.0
   Compiling git2 v0.21.0
   Compiling dracon-git v94.7.2
   Compiling dracon-sync v0.113.63 (/home/dracon/Dev/dracon-utilities/dracon-sync)
    Finished `release` profile [optimized] target(s) in 5m 57s
