🔄 dracon-sync daemon started
🧹 startup: running cleanup...
scheduler: pulse_start unix_ms=1789685832245
scheduler: cycle_complete elapsed_ms=23
ℹ️  r3 already exists on origin — skipping auto-create
🆕 /tmp/sync-restart-uwxch2vi/watch/r3 auto-created on origin
scheduler: pulse_start unix_ms=1789685833249
scheduler: status repo=/tmp/sync-restart-uwxch2vi/watch/r3 cycle_ms=87 repo_ms=86 dirty=true daemon_ms=1131
scheduler: classification_spawn repo=/tmp/sync-restart-uwxch2vi/watch/r3 cycle_ms=121 pending=1 results=0
scheduler: cycle_complete elapsed_ms=121
classification: phase=filter-aware-diff repo=/tmp/sync-restart-uwxch2vi/watch/r3 elapsed_ms=70 outcome=success
classification: phase=untracked-discovery repo=/tmp/sync-restart-uwxch2vi/watch/r3 elapsed_ms=7 outcome=success
scheduler: classification_job_done repo=/tmp/sync-restart-uwxch2vi/watch/r3 ms=78 ok=true
ℹ️  r1 already exists on origin — skipping auto-create
🆕 /tmp/sync-restart-uwxch2vi/watch/r1 auto-created on origin
ℹ️  r2 already exists on origin — skipping auto-create
🆕 /tmp/sync-restart-uwxch2vi/watch/r2 auto-created on origin
scheduler: pulse_start unix_ms=1789685834250
scheduler: status repo=/tmp/sync-restart-uwxch2vi/watch/r3 cycle_ms=89 repo_ms=89 dirty=true daemon_ms=2134
scheduler: quiet_clock_assignment discovery_ms=2169 evidence_unix_ns=Some(1789685832198684571) anchor_ms=0
scheduler: eligibility repo=/tmp/sync-restart-uwxch2vi/watch/r3 cycle_ms=125 observed_quiet_ms=2169 eligible=true daemon_ms=2169 anchor_daemon_ms=0
scheduler: file_mtime repo=/tmp/sync-restart-uwxch2vi/watch/r3 path="early.txt" unix_ns=Some(1789685832198512036)
scheduler: file_mtime repo=/tmp/sync-restart-uwxch2vi/watch/r3 path="second.txt" unix_ns=Some(1789685832198684571)
scheduler: dispatch repo=/tmp/sync-restart-uwxch2vi/watch/r3 cycle_ms=125 inspection_ms=125 daemon_ms=2169 unix_ms=1789685834376
scheduler: task_start repo=/tmp/sync-restart-uwxch2vi/watch/r3 unix_ms=1789685834376
scheduler: worker_prepare repo=/tmp/sync-restart-uwxch2vi/watch/r3 phase=before_origin elapsed_ms=15
scheduler: worker_prepare repo=/tmp/sync-restart-uwxch2vi/watch/r3 phase=before_status elapsed_ms=15
scheduler: worker_prepare repo=/tmp/sync-restart-uwxch2vi/watch/r3 phase=after_status elapsed_ms=23
scheduler: worker_prepare repo=/tmp/sync-restart-uwxch2vi/watch/r3 phase=before_pull elapsed_ms=23
scheduler: worker_prepare repo=/tmp/sync-restart-uwxch2vi/watch/r3 phase=before_clean elapsed_ms=23
scheduler: status repo=/tmp/sync-restart-uwxch2vi/watch/r1 cycle_ms=207 repo_ms=82 dirty=false daemon_ms=2252
sync: received SIGTERM, shutting down gracefully...
scheduler: worker_prepare repo=/tmp/sync-restart-uwxch2vi/watch/r3 phase=before_diff elapsed_ms=190
scheduler: status repo=/tmp/sync-restart-uwxch2vi/watch/r2 cycle_ms=318 repo_ms=64 dirty=false daemon_ms=2363
🔄 trailing-drain: 1 task(s) still running — deferred to detached registry (repos stay in-flight until tasks finish)
scheduler: cycle_complete elapsed_ms=377
🐛 /tmp/sync-restart-uwxch2vi/watch/r3 status: clean=false modified=0 staged=0 entries(libgit2)=2
scheduler: worker_prepare repo=/tmp/sync-restart-uwxch2vi/watch/r3 phase=after_diff elapsed_ms=279
🐛 /tmp/sync-restart-uwxch2vi/watch/r3 to_stage=2 to_restore=0
scheduler: stage_enter repo=/tmp/sync-restart-uwxch2vi/watch/r3 thread=ThreadId(17) unix_ms=1789685834655
scheduler: stage_prepare repo=/tmp/sync-restart-uwxch2vi/watch/r3 phase=unmerged elapsed_ms=9
scheduler: stage_prepare repo=/tmp/sync-restart-uwxch2vi/watch/r3 phase=untracked elapsed_ms=12
scheduler: stage_files_enter repo=/tmp/sync-restart-uwxch2vi/watch/r3 unix_ms=1789685834684
scheduler: stage_prepare repo=/tmp/sync-restart-uwxch2vi/watch/r3 phase=before_partition elapsed_ms=0
scheduler: stage_prepare repo=/tmp/sync-restart-uwxch2vi/watch/r3 phase=partition elapsed_ms=14
scheduler: add_spawn repo=/tmp/sync-restart-uwxch2vi/watch/r3 unix_ms=1789685834698
scheduler: add_spawned repo=/tmp/sync-restart-uwxch2vi/watch/r3 unix_ms=1789685834700 pid=Some(1785082)
scheduler: add_done repo=/tmp/sync-restart-uwxch2vi/watch/r3 unix_ms=1789685834765 ok=true
