🔄 dracon-sync daemon started
🧹 startup: running cleanup...
scheduler: pulse_start unix_ms=1789676575338
scheduler: cycle_complete elapsed_ms=112
scheduler: pulse_start unix_ms=1789676576339
scheduler: cycle_complete elapsed_ms=0
ℹ️  r3 already exists on origin — skipping auto-create
🆕 /tmp/sync-restart-l_3o2dwv/watch/r3 auto-created on origin
scheduler: pulse_start unix_ms=1789676577354
ℹ️  r1 already exists on origin — skipping auto-create
🆕 /tmp/sync-restart-l_3o2dwv/watch/r1 auto-created on origin
ℹ️  r2 already exists on origin — skipping auto-create
🆕 /tmp/sync-restart-l_3o2dwv/watch/r2 auto-created on origin
scheduler: status repo=/tmp/sync-restart-l_3o2dwv/watch/r3 cycle_ms=497 repo_ms=497 dirty=true daemon_ms=2590
scheduler: classification_spawn repo=/tmp/sync-restart-l_3o2dwv/watch/r3 cycle_ms=580 pending=1 results=0
scheduler: cycle_complete elapsed_ms=580
classification: phase=filter-aware-diff repo=/tmp/sync-restart-l_3o2dwv/watch/r3 elapsed_ms=54 outcome=success
classification: phase=untracked-discovery repo=/tmp/sync-restart-l_3o2dwv/watch/r3 elapsed_ms=55 outcome=success
scheduler: classification_job_done repo=/tmp/sync-restart-l_3o2dwv/watch/r3 ms=109 ok=true
scheduler: pulse_start unix_ms=1789676578357
scheduler: status repo=/tmp/sync-restart-l_3o2dwv/watch/r1 cycle_ms=285 repo_ms=283 dirty=false daemon_ms=3381
scheduler: status repo=/tmp/sync-restart-l_3o2dwv/watch/r2 cycle_ms=649 repo_ms=110 dirty=false daemon_ms=3744
scheduler: status repo=/tmp/sync-restart-l_3o2dwv/watch/r3 cycle_ms=952 repo_ms=65 dirty=true daemon_ms=4048
scheduler: quiet_clock_assignment discovery_ms=4071 evidence_unix_ns=Some(1789676575252569805) anchor_ms=0
scheduler: eligibility repo=/tmp/sync-restart-l_3o2dwv/watch/r3 cycle_ms=975 observed_quiet_ms=4071 eligible=true daemon_ms=4071 anchor_daemon_ms=0
scheduler: file_mtime repo=/tmp/sync-restart-l_3o2dwv/watch/r3 path="early.txt" unix_ns=Some(1789676575252569805)
scheduler: dispatch repo=/tmp/sync-restart-l_3o2dwv/watch/r3 cycle_ms=975 inspection_ms=88 daemon_ms=4071 unix_ms=1789676579333
🔄 trailing-drain: 1 task(s) still running — deferred to detached registry (repos stay in-flight until tasks finish)
scheduler: cycle_complete elapsed_ms=975
scheduler: task_start repo=/tmp/sync-restart-l_3o2dwv/watch/r3 unix_ms=1789676579351
scheduler: pulse_start unix_ms=1789676579367
scheduler: worker_prepare repo=/tmp/sync-restart-l_3o2dwv/watch/r3 phase=before_origin elapsed_ms=84
scheduler: worker_prepare repo=/tmp/sync-restart-l_3o2dwv/watch/r3 phase=before_status elapsed_ms=84
scheduler: worker_prepare repo=/tmp/sync-restart-l_3o2dwv/watch/r3 phase=after_status elapsed_ms=127
scheduler: worker_prepare repo=/tmp/sync-restart-l_3o2dwv/watch/r3 phase=before_pull elapsed_ms=127
scheduler: worker_prepare repo=/tmp/sync-restart-l_3o2dwv/watch/r3 phase=before_clean elapsed_ms=127
scheduler: status repo=/tmp/sync-restart-l_3o2dwv/watch/r1 cycle_ms=146 repo_ms=145 dirty=false daemon_ms=4251
scheduler: worker_prepare repo=/tmp/sync-restart-l_3o2dwv/watch/r3 phase=before_diff elapsed_ms=479
scheduler: status repo=/tmp/sync-restart-l_3o2dwv/watch/r2 cycle_ms=540 repo_ms=195 dirty=false daemon_ms=4645
🐛 /tmp/sync-restart-l_3o2dwv/watch/r3 status: clean=false modified=0 staged=0 entries(libgit2)=1
scheduler: worker_prepare repo=/tmp/sync-restart-l_3o2dwv/watch/r3 phase=after_diff elapsed_ms=737
🐛 /tmp/sync-restart-l_3o2dwv/watch/r3 to_stage=1 to_restore=0
scheduler: stage_enter repo=/tmp/sync-restart-l_3o2dwv/watch/r3 thread=ThreadId(15) unix_ms=1789676580088
scheduler: stage_prepare repo=/tmp/sync-restart-l_3o2dwv/watch/r3 phase=unmerged elapsed_ms=20
scheduler: stage_prepare repo=/tmp/sync-restart-l_3o2dwv/watch/r3 phase=untracked elapsed_ms=22
scheduler: stage_files_enter repo=/tmp/sync-restart-l_3o2dwv/watch/r3 unix_ms=1789676580134
scheduler: stage_prepare repo=/tmp/sync-restart-l_3o2dwv/watch/r3 phase=before_partition elapsed_ms=0
scheduler: stage_prepare repo=/tmp/sync-restart-l_3o2dwv/watch/r3 phase=partition elapsed_ms=65
scheduler: add_spawn repo=/tmp/sync-restart-l_3o2dwv/watch/r3 unix_ms=1789676580200
scheduler: add_spawned repo=/tmp/sync-restart-l_3o2dwv/watch/r3 unix_ms=1789676580200 pid=Some(3933485)
scheduler: cycle_complete elapsed_ms=844
scheduler: pulse_start unix_ms=1789676580377
scheduler: status repo=/tmp/sync-restart-l_3o2dwv/watch/r1 cycle_ms=244 repo_ms=244 dirty=false daemon_ms=5359
scheduler: add_done repo=/tmp/sync-restart-l_3o2dwv/watch/r3 unix_ms=1789676580758 ok=true
scheduler: status repo=/tmp/sync-restart-l_3o2dwv/watch/r2 cycle_ms=772 repo_ms=319 dirty=false daemon_ms=5888
scheduler: cycle_complete elapsed_ms=912
scheduler: commit_done repo=/tmp/sync-restart-l_3o2dwv/watch/r3 unix_ms=1789676582622
📝 committed 1 file(s) in /tmp/sync-restart-l_3o2dwv/watch/r3
scheduler: pulse_start unix_ms=1789676582622
scheduler: status repo=/tmp/sync-restart-l_3o2dwv/watch/r1 cycle_ms=263 repo_ms=263 dirty=false daemon_ms=7623
scheduler: status repo=/tmp/sync-restart-l_3o2dwv/watch/r2 cycle_ms=380 repo_ms=59 dirty=false daemon_ms=7740
scheduler: cycle_complete elapsed_ms=447
🐛 codeberg gate: skipping codeberg push for /tmp/sync-restart-l_3o2dwv/watch/r3 (public_only policy + visibility cache says None)
ℹ️  r3 already exists on origin — skipping auto-create
sync: received SIGTERM, shutting down gracefully...
branch 'main' set up to track 'origin/main'.
scheduler: stage_exit repo=/tmp/sync-restart-l_3o2dwv/watch/r3 thread=ThreadId(15) unix_ms=1789676583570 ok=true
