🔄 dracon-sync daemon started
🧹 startup: running cleanup...
scheduler: pulse_start unix_ms=1789676618482
scheduler: cycle_complete elapsed_ms=22
ℹ️  r3 already exists on origin — skipping auto-create
🆕 /tmp/sync-restart-k66ajo89/watch/r3 auto-created on origin
scheduler: pulse_start unix_ms=1789676619490
scheduler: status repo=/tmp/sync-restart-k66ajo89/watch/r3 cycle_ms=209 repo_ms=208 dirty=true daemon_ms=1311
scheduler: classification_spawn repo=/tmp/sync-restart-k66ajo89/watch/r3 cycle_ms=336 pending=1 results=0
scheduler: cycle_complete elapsed_ms=336
classification: phase=filter-aware-diff repo=/tmp/sync-restart-k66ajo89/watch/r3 elapsed_ms=283 outcome=success
classification: phase=untracked-discovery repo=/tmp/sync-restart-k66ajo89/watch/r3 elapsed_ms=61 outcome=success
scheduler: classification_job_done repo=/tmp/sync-restart-k66ajo89/watch/r3 ms=344 ok=true
ℹ️  r1 already exists on origin — skipping auto-create
🆕 /tmp/sync-restart-k66ajo89/watch/r1 auto-created on origin
ℹ️  r2 already exists on origin — skipping auto-create
🆕 /tmp/sync-restart-k66ajo89/watch/r2 auto-created on origin
scheduler: pulse_start unix_ms=1789676620494
scheduler: status repo=/tmp/sync-restart-k66ajo89/watch/r1 cycle_ms=265 repo_ms=264 dirty=false daemon_ms=2372
scheduler: status repo=/tmp/sync-restart-k66ajo89/watch/r2 cycle_ms=476 repo_ms=115 dirty=false daemon_ms=2583
scheduler: status repo=/tmp/sync-restart-k66ajo89/watch/r3 cycle_ms=561 repo_ms=26 dirty=true daemon_ms=2669
scheduler: quiet_clock_assignment discovery_ms=2837 evidence_unix_ns=Some(1789676618354904370) anchor_ms=0
scheduler: eligibility repo=/tmp/sync-restart-k66ajo89/watch/r3 cycle_ms=729 observed_quiet_ms=2837 eligible=true daemon_ms=2837 anchor_daemon_ms=0
scheduler: file_mtime repo=/tmp/sync-restart-k66ajo89/watch/r3 path="early.txt" unix_ns=Some(1789676618354781208)
scheduler: file_mtime repo=/tmp/sync-restart-k66ajo89/watch/r3 path="second.txt" unix_ns=Some(1789676618354904370)
scheduler: dispatch repo=/tmp/sync-restart-k66ajo89/watch/r3 cycle_ms=729 inspection_ms=194 daemon_ms=2837 unix_ms=1789676621224
🔄 trailing-drain: 1 task(s) still running — deferred to detached registry (repos stay in-flight until tasks finish)
scheduler: cycle_complete elapsed_ms=729
scheduler: task_start repo=/tmp/sync-restart-k66ajo89/watch/r3 unix_ms=1789676621224
scheduler: worker_prepare repo=/tmp/sync-restart-k66ajo89/watch/r3 phase=before_origin elapsed_ms=66
scheduler: worker_prepare repo=/tmp/sync-restart-k66ajo89/watch/r3 phase=before_status elapsed_ms=66
scheduler: worker_prepare repo=/tmp/sync-restart-k66ajo89/watch/r3 phase=after_status elapsed_ms=86
scheduler: worker_prepare repo=/tmp/sync-restart-k66ajo89/watch/r3 phase=before_pull elapsed_ms=86
scheduler: worker_prepare repo=/tmp/sync-restart-k66ajo89/watch/r3 phase=before_clean elapsed_ms=86
sync: received SIGTERM, shutting down gracefully...
