🔄 dracon-sync daemon started
🧹 startup: running cleanup...
scheduler: pulse_start unix_ms=1789671732536
ℹ️  r1 already exists on origin — skipping auto-create
🆕 /tmp/sync-restart-gnj7pkzv/watch/r1 auto-created on origin
scheduler: status repo=/tmp/sync-restart-gnj7pkzv/watch/r1 cycle_ms=1613 repo_ms=1612 dirty=false daemon_ms=1627
ℹ️  r2 already exists on origin — skipping auto-create
🆕 /tmp/sync-restart-gnj7pkzv/watch/r2 auto-created on origin
scheduler: status repo=/tmp/sync-restart-gnj7pkzv/watch/r2 cycle_ms=3229 repo_ms=1593 dirty=false daemon_ms=3244
ℹ️  r3 already exists on origin — skipping auto-create
🆕 /tmp/sync-restart-gnj7pkzv/watch/r3 auto-created on origin
scheduler: status repo=/tmp/sync-restart-gnj7pkzv/watch/r3 cycle_ms=4846 repo_ms=1595 dirty=true daemon_ms=4860
scheduler: classification_spawn repo=/tmp/sync-restart-gnj7pkzv/watch/r3 cycle_ms=4872 pending=1 results=0
scheduler: cycle_complete elapsed_ms=4872
scheduler: pulse_start unix_ms=1789671737408
scheduler: status repo=/tmp/sync-restart-gnj7pkzv/watch/r1 cycle_ms=29 repo_ms=28 dirty=false daemon_ms=4916
classification: phase=filter-aware-diff repo=/tmp/sync-restart-gnj7pkzv/watch/r3 elapsed_ms=53 outcome=success
classification: phase=untracked-discovery repo=/tmp/sync-restart-gnj7pkzv/watch/r3 elapsed_ms=4 outcome=success
scheduler: classification_job_done repo=/tmp/sync-restart-gnj7pkzv/watch/r3 ms=57 ok=true
scheduler: status repo=/tmp/sync-restart-gnj7pkzv/watch/r2 cycle_ms=89 repo_ms=28 dirty=false daemon_ms=4977
scheduler: status repo=/tmp/sync-restart-gnj7pkzv/watch/r3 cycle_ms=136 repo_ms=19 dirty=true daemon_ms=5023
scheduler: quiet_clock_assignment discovery_ms=5044 evidence_unix_ns=Some(1789671732512056229) anchor_ms=0
scheduler: eligibility repo=/tmp/sync-restart-gnj7pkzv/watch/r3 cycle_ms=157 observed_quiet_ms=5044 eligible=true daemon_ms=5044 anchor_daemon_ms=0
scheduler: file_mtime repo=/tmp/sync-restart-gnj7pkzv/watch/r3 path="early.txt" unix_ns=Some(1789671732512056229)
scheduler: dispatch repo=/tmp/sync-restart-gnj7pkzv/watch/r3 cycle_ms=157 inspection_ms=40 daemon_ms=5044 unix_ms=1789671737565
🔄 trailing-drain: 1 task(s) still running — deferred to detached registry (repos stay in-flight until tasks finish)
scheduler: task_start repo=/tmp/sync-restart-gnj7pkzv/watch/r3 unix_ms=1789671737565
scheduler: cycle_complete elapsed_ms=157
🐛 /tmp/sync-restart-gnj7pkzv/watch/r3 status: clean=false modified=0 staged=0 entries(libgit2)=1
🐛 /tmp/sync-restart-gnj7pkzv/watch/r3 to_stage=1 to_restore=0
scheduler: stage_enter repo=/tmp/sync-restart-gnj7pkzv/watch/r3 thread=ThreadId(15) unix_ms=1789671737689
scheduler: stage_prepare repo=/tmp/sync-restart-gnj7pkzv/watch/r3 phase=unmerged elapsed_ms=1
scheduler: stage_prepare repo=/tmp/sync-restart-gnj7pkzv/watch/r3 phase=untracked elapsed_ms=3
scheduler: stage_files_enter repo=/tmp/sync-restart-gnj7pkzv/watch/r3 unix_ms=1789671737697
scheduler: stage_prepare repo=/tmp/sync-restart-gnj7pkzv/watch/r3 phase=before_partition elapsed_ms=0
scheduler: stage_prepare repo=/tmp/sync-restart-gnj7pkzv/watch/r3 phase=partition elapsed_ms=7
scheduler: add_spawn repo=/tmp/sync-restart-gnj7pkzv/watch/r3 unix_ms=1789671737704
scheduler: add_spawned repo=/tmp/sync-restart-gnj7pkzv/watch/r3 unix_ms=1789671737705 pid=Some(2728557)
scheduler: add_done repo=/tmp/sync-restart-gnj7pkzv/watch/r3 unix_ms=1789671737742 ok=true
scheduler: commit_done repo=/tmp/sync-restart-gnj7pkzv/watch/r3 unix_ms=1789671738178
📝 committed 1 file(s) in /tmp/sync-restart-gnj7pkzv/watch/r3
🐛 codeberg gate: skipping codeberg push for /tmp/sync-restart-gnj7pkzv/watch/r3 (public_only policy + visibility cache says None)
ℹ️  r3 already exists on origin — skipping auto-create
scheduler: pulse_start unix_ms=1789671738410
scheduler: status repo=/tmp/sync-restart-gnj7pkzv/watch/r1 cycle_ms=30 repo_ms=29 dirty=false daemon_ms=5919
branch 'main' set up to track 'origin/main'.
scheduler: stage_exit repo=/tmp/sync-restart-gnj7pkzv/watch/r3 thread=ThreadId(2) unix_ms=1789671738458 ok=true
scheduler: status repo=/tmp/sync-restart-gnj7pkzv/watch/r2 cycle_ms=80 repo_ms=28 dirty=false daemon_ms=5969
sync: received SIGTERM, shutting down gracefully...
🔁 synced (late) /tmp/sync-restart-gnj7pkzv/watch/r3
scheduler: cycle_complete elapsed_ms=99
