🔄 dracon-sync daemon started
🧹 startup: running cleanup...
scheduler: pulse_start unix_ms=1789672743133
scheduler: status repo=/tmp/sync-cadence-dien6y59/watch/sample cycle_ms=1380 repo_ms=1376 dirty=false daemon_ms=1650
scheduler: cycle_complete elapsed_ms=3709
scheduler: pulse_start unix_ms=1789672746844
scheduler: status repo=/tmp/sync-cadence-dien6y59/watch/sample cycle_ms=745 repo_ms=742 dirty=true daemon_ms=4726
scheduler: classification_spawn repo=/tmp/sync-cadence-dien6y59/watch/sample cycle_ms=1695 pending=1 results=0
scheduler: cycle_complete elapsed_ms=1695
scheduler: pulse_start unix_ms=1789672748540
classification: phase=filter-aware-diff repo=/tmp/sync-cadence-dien6y59/watch/sample elapsed_ms=803 outcome=success
classification: phase=untracked-discovery repo=/tmp/sync-cadence-dien6y59/watch/sample elapsed_ms=90 outcome=success
scheduler: classification_job_done repo=/tmp/sync-cadence-dien6y59/watch/sample ms=894 ok=true
scheduler: status repo=/tmp/sync-cadence-dien6y59/watch/sample cycle_ms=1093 repo_ms=1091 dirty=true daemon_ms=6770
scheduler: quiet_clock_assignment discovery_ms=7086 evidence_unix_ns=Some(1789672744782399709) anchor_ms=1918
scheduler: eligibility repo=/tmp/sync-cadence-dien6y59/watch/sample cycle_ms=1409 observed_quiet_ms=5167 eligible=true daemon_ms=7086 anchor_daemon_ms=1918
scheduler: file_mtime repo=/tmp/sync-cadence-dien6y59/watch/sample path="sample.txt" unix_ns=Some(1789672744782399709)
scheduler: file_mtime repo=/tmp/sync-cadence-dien6y59/watch/sample path="fixture-0.txt" unix_ns=Some(1789672744773894307)
scheduler: file_mtime repo=/tmp/sync-cadence-dien6y59/watch/sample path="fixture-1.txt" unix_ns=Some(1789672744778894365)
scheduler: file_mtime repo=/tmp/sync-cadence-dien6y59/watch/sample path="fixture-10.txt" unix_ns=Some(1789672744781963878)
scheduler: file_mtime repo=/tmp/sync-cadence-dien6y59/watch/sample path="fixture-11.txt" unix_ns=Some(1789672744782004745)
scheduler: file_mtime repo=/tmp/sync-cadence-dien6y59/watch/sample path="fixture-12.txt" unix_ns=Some(1789672744782048547)
scheduler: file_mtime repo=/tmp/sync-cadence-dien6y59/watch/sample path="fixture-13.txt" unix_ns=Some(1789672744782148896)
scheduler: file_mtime repo=/tmp/sync-cadence-dien6y59/watch/sample path="fixture-14.txt" unix_ns=Some(1789672744782199983)
scheduler: dispatch repo=/tmp/sync-cadence-dien6y59/watch/sample cycle_ms=1410 inspection_ms=1407 daemon_ms=7086 unix_ms=1789672749950
scheduler: task_start repo=/tmp/sync-cadence-dien6y59/watch/sample unix_ms=1789672749950
🔄 trailing-drain: 1 task(s) still running — deferred to detached registry (repos stay in-flight until tasks finish)
scheduler: cycle_complete elapsed_ms=1418
scheduler: pulse_start unix_ms=1789672749958
scheduler: cycle_complete elapsed_ms=21
scheduler: worker_prepare repo=/tmp/sync-cadence-dien6y59/watch/sample phase=before_origin elapsed_ms=336
scheduler: worker_prepare repo=/tmp/sync-cadence-dien6y59/watch/sample phase=before_status elapsed_ms=336
scheduler: worker_prepare repo=/tmp/sync-cadence-dien6y59/watch/sample phase=after_status elapsed_ms=358
scheduler: worker_prepare repo=/tmp/sync-cadence-dien6y59/watch/sample phase=before_pull elapsed_ms=358
scheduler: worker_prepare repo=/tmp/sync-cadence-dien6y59/watch/sample phase=before_clean elapsed_ms=358
scheduler: pulse_start unix_ms=1789672750975
scheduler: cycle_complete elapsed_ms=1
scheduler: worker_prepare repo=/tmp/sync-cadence-dien6y59/watch/sample phase=before_diff elapsed_ms=1044
🐛 /tmp/sync-cadence-dien6y59/watch/sample status: clean=false modified=1 staged=0 entries(libgit2)=20
scheduler: worker_prepare repo=/tmp/sync-cadence-dien6y59/watch/sample phase=after_diff elapsed_ms=1165
🐛 /tmp/sync-cadence-dien6y59/watch/sample to_stage=20 to_restore=0
scheduler: stage_enter repo=/tmp/sync-cadence-dien6y59/watch/sample thread=ThreadId(16) unix_ms=1789672751117
scheduler: stage_prepare repo=/tmp/sync-cadence-dien6y59/watch/sample phase=unmerged elapsed_ms=48
scheduler: stage_prepare repo=/tmp/sync-cadence-dien6y59/watch/sample phase=untracked elapsed_ms=54
scheduler: gitlink_probe repo=/tmp/sync-cadence-dien6y59/watch/sample path="sample.txt" process_elapsed_us=89172 ok=true
scheduler: gitlink_probe repo=/tmp/sync-cadence-dien6y59/watch/sample path="fixture-0.txt" process_elapsed_us=81978 ok=true
scheduler: gitlink_probe repo=/tmp/sync-cadence-dien6y59/watch/sample path="fixture-1.txt" process_elapsed_us=53819 ok=true
scheduler: gitlink_probe repo=/tmp/sync-cadence-dien6y59/watch/sample path="fixture-10.txt" process_elapsed_us=49280 ok=true
scheduler: gitlink_probe repo=/tmp/sync-cadence-dien6y59/watch/sample path="fixture-11.txt" process_elapsed_us=125330 ok=true
scheduler: gitlink_probe repo=/tmp/sync-cadence-dien6y59/watch/sample path="fixture-12.txt" process_elapsed_us=108231 ok=true
scheduler: gitlink_probe repo=/tmp/sync-cadence-dien6y59/watch/sample path="fixture-13.txt" process_elapsed_us=95956 ok=true
scheduler: gitlink_probe repo=/tmp/sync-cadence-dien6y59/watch/sample path="fixture-14.txt" process_elapsed_us=34112 ok=true
scheduler: gitlink_probe repo=/tmp/sync-cadence-dien6y59/watch/sample path="fixture-15.txt" process_elapsed_us=113167 ok=true
scheduler: gitlink_probe repo=/tmp/sync-cadence-dien6y59/watch/sample path="fixture-16.txt" process_elapsed_us=136353 ok=true
scheduler: gitlink_probe repo=/tmp/sync-cadence-dien6y59/watch/sample path="fixture-17.txt" process_elapsed_us=430991 ok=true
scheduler: gitlink_probe repo=/tmp/sync-cadence-dien6y59/watch/sample path="fixture-18.txt" process_elapsed_us=899959 ok=true
scheduler: gitlink_probe repo=/tmp/sync-cadence-dien6y59/watch/sample path="fixture-2.txt" process_elapsed_us=593283 ok=true
scheduler: gitlink_probe repo=/tmp/sync-cadence-dien6y59/watch/sample path="fixture-3.txt" process_elapsed_us=113388 ok=true
scheduler: gitlink_probe repo=/tmp/sync-cadence-dien6y59/watch/sample path="fixture-4.txt" process_elapsed_us=106172 ok=true
scheduler: gitlink_probe repo=/tmp/sync-cadence-dien6y59/watch/sample path="fixture-5.txt" process_elapsed_us=901222 ok=true
scheduler: gitlink_probe repo=/tmp/sync-cadence-dien6y59/watch/sample path="fixture-6.txt" process_elapsed_us=136770 ok=true
scheduler: gitlink_probe repo=/tmp/sync-cadence-dien6y59/watch/sample path="fixture-7.txt" process_elapsed_us=499130 ok=true
scheduler: gitlink_probe repo=/tmp/sync-cadence-dien6y59/watch/sample path="fixture-8.txt" process_elapsed_us=586615 ok=true
scheduler: gitlink_probe repo=/tmp/sync-cadence-dien6y59/watch/sample path="fixture-9.txt" process_elapsed_us=324012 ok=true
scheduler: stage_files_enter repo=/tmp/sync-cadence-dien6y59/watch/sample unix_ms=1789672756652
scheduler: stage_prepare repo=/tmp/sync-cadence-dien6y59/watch/sample phase=before_partition elapsed_ms=0
scheduler: pulse_start unix_ms=1789672756654
scheduler: stage_prepare repo=/tmp/sync-cadence-dien6y59/watch/sample phase=partition elapsed_ms=117
scheduler: add_spawn repo=/tmp/sync-cadence-dien6y59/watch/sample unix_ms=1789672756770
scheduler: add_spawned repo=/tmp/sync-cadence-dien6y59/watch/sample unix_ms=1789672756772 pid=Some(2909567)
scheduler: cycle_complete elapsed_ms=340
scheduler: add_done repo=/tmp/sync-cadence-dien6y59/watch/sample unix_ms=1789672757003 ok=true
scheduler: add_spawn repo=/tmp/sync-cadence-dien6y59/watch/sample unix_ms=1789672757003
scheduler: add_spawned repo=/tmp/sync-cadence-dien6y59/watch/sample unix_ms=1789672757055 pid=Some(2909622)
scheduler: pulse_start unix_ms=1789672757675
scheduler: cycle_complete elapsed_ms=53
scheduler: add_done repo=/tmp/sync-cadence-dien6y59/watch/sample unix_ms=1789672757901 ok=true
scheduler: pulse_start unix_ms=1789672760486
scheduler: cycle_complete elapsed_ms=1
scheduler: commit_done repo=/tmp/sync-cadence-dien6y59/watch/sample unix_ms=1789672760487
📝 committed 20 file(s) in /tmp/sync-cadence-dien6y59/watch/sample
scheduler: pulse_start unix_ms=1789672761893
scheduler: cycle_complete elapsed_ms=288
sync: received SIGTERM, shutting down gracefully...
