🔄 dracon-sync daemon started
🧹 startup: running cleanup...
scheduler: pulse_start unix_ms=1789671796696
scheduler: cycle_complete elapsed_ms=33
ℹ️  r3 already exists on origin — skipping auto-create
🆕 /tmp/sync-restart-mulsyq34/watch/r3 auto-created on origin
scheduler: pulse_start unix_ms=1789671797702
scheduler: status repo=/tmp/sync-restart-mulsyq34/watch/r3 cycle_ms=76 repo_ms=72 dirty=true daemon_ms=1154
scheduler: classification_spawn repo=/tmp/sync-restart-mulsyq34/watch/r3 cycle_ms=138 pending=1 results=0
scheduler: cycle_complete elapsed_ms=139
classification: phase=filter-aware-diff repo=/tmp/sync-restart-mulsyq34/watch/r3 elapsed_ms=63 outcome=success
classification: phase=untracked-discovery repo=/tmp/sync-restart-mulsyq34/watch/r3 elapsed_ms=6 outcome=success
scheduler: classification_job_done repo=/tmp/sync-restart-mulsyq34/watch/r3 ms=70 ok=true
ℹ️  r2 already exists on origin — skipping auto-create
🆕 /tmp/sync-restart-mulsyq34/watch/r2 auto-created on origin
ℹ️  r1 already exists on origin — skipping auto-create
🆕 /tmp/sync-restart-mulsyq34/watch/r1 auto-created on origin
scheduler: pulse_start unix_ms=1789671798717
scheduler: status repo=/tmp/sync-restart-mulsyq34/watch/r1 cycle_ms=43 repo_ms=42 dirty=false daemon_ms=2136
scheduler: status repo=/tmp/sync-restart-mulsyq34/watch/r2 cycle_ms=123 repo_ms=31 dirty=false daemon_ms=2216
scheduler: status repo=/tmp/sync-restart-mulsyq34/watch/r3 cycle_ms=256 repo_ms=91 dirty=true daemon_ms=2349
scheduler: quiet_clock_assignment discovery_ms=2390 evidence_unix_ns=Some(1789671796577776692) anchor_ms=0
scheduler: eligibility repo=/tmp/sync-restart-mulsyq34/watch/r3 cycle_ms=297 observed_quiet_ms=2390 eligible=true daemon_ms=2390 anchor_daemon_ms=0
scheduler: file_mtime repo=/tmp/sync-restart-mulsyq34/watch/r3 path="second.txt" unix_ns=Some(1789671796577776692)
scheduler: dispatch repo=/tmp/sync-restart-mulsyq34/watch/r3 cycle_ms=297 inspection_ms=133 daemon_ms=2390 unix_ms=1789671799015
🔄 trailing-drain: 1 task(s) still running — deferred to detached registry (repos stay in-flight until tasks finish)
scheduler: task_start repo=/tmp/sync-restart-mulsyq34/watch/r3 unix_ms=1789671799015
scheduler: cycle_complete elapsed_ms=298
sync: received SIGTERM, shutting down gracefully...
🐛 /tmp/sync-restart-mulsyq34/watch/r3 status: clean=false modified=0 staged=0 entries(libgit2)=1
🐛 /tmp/sync-restart-mulsyq34/watch/r3 to_stage=1 to_restore=0
scheduler: stage_enter repo=/tmp/sync-restart-mulsyq34/watch/r3 thread=ThreadId(10) unix_ms=1789671799309
scheduler: stage_prepare repo=/tmp/sync-restart-mulsyq34/watch/r3 phase=unmerged elapsed_ms=3
scheduler: stage_prepare repo=/tmp/sync-restart-mulsyq34/watch/r3 phase=untracked elapsed_ms=7
scheduler: stage_files_enter repo=/tmp/sync-restart-mulsyq34/watch/r3 unix_ms=1789671799325
scheduler: stage_prepare repo=/tmp/sync-restart-mulsyq34/watch/r3 phase=before_partition elapsed_ms=0
scheduler: stage_prepare repo=/tmp/sync-restart-mulsyq34/watch/r3 phase=partition elapsed_ms=26
scheduler: add_spawn repo=/tmp/sync-restart-mulsyq34/watch/r3 unix_ms=1789671799352
scheduler: add_spawned repo=/tmp/sync-restart-mulsyq34/watch/r3 unix_ms=1789671799370 pid=Some(2752844)
scheduler: add_done repo=/tmp/sync-restart-mulsyq34/watch/r3 unix_ms=1789671799427 ok=true
