🔄 dracon-sync daemon started
🧹 startup: running cleanup...
scheduler: pulse_start unix_ms=1789682987754
scheduler: cycle_complete elapsed_ms=124
ℹ️  r3 already exists on origin — skipping auto-create
🆕 /tmp/sync-restart-nzo5b0s7/watch/r3 auto-created on origin
scheduler: pulse_start unix_ms=1789682988774
scheduler: status repo=/tmp/sync-restart-nzo5b0s7/watch/r3 cycle_ms=143 repo_ms=142 dirty=true daemon_ms=1226
scheduler: classification_spawn repo=/tmp/sync-restart-nzo5b0s7/watch/r3 cycle_ms=225 pending=1 results=0
scheduler: cycle_complete elapsed_ms=225
classification: phase=filter-aware-diff repo=/tmp/sync-restart-nzo5b0s7/watch/r3 elapsed_ms=294 outcome=success
classification: phase=untracked-discovery repo=/tmp/sync-restart-nzo5b0s7/watch/r3 elapsed_ms=7 outcome=success
scheduler: classification_job_done repo=/tmp/sync-restart-nzo5b0s7/watch/r3 ms=301 ok=true
ℹ️  r2 already exists on origin — skipping auto-create
🆕 /tmp/sync-restart-nzo5b0s7/watch/r2 auto-created on origin
ℹ️  r1 already exists on origin — skipping auto-create
🆕 /tmp/sync-restart-nzo5b0s7/watch/r1 auto-created on origin
scheduler: pulse_start unix_ms=1789682989776
scheduler: status repo=/tmp/sync-restart-nzo5b0s7/watch/r1 cycle_ms=155 repo_ms=154 dirty=false daemon_ms=2240
scheduler: status repo=/tmp/sync-restart-nzo5b0s7/watch/r2 cycle_ms=411 repo_ms=151 dirty=false daemon_ms=2496
scheduler: status repo=/tmp/sync-restart-nzo5b0s7/watch/r3 cycle_ms=743 repo_ms=187 dirty=true daemon_ms=2827
scheduler: quiet_clock_assignment discovery_ms=2960 evidence_unix_ns=Some(1789682987624699643) anchor_ms=0
scheduler: eligibility repo=/tmp/sync-restart-nzo5b0s7/watch/r3 cycle_ms=875 observed_quiet_ms=2960 eligible=true daemon_ms=2960 anchor_daemon_ms=0
scheduler: file_mtime repo=/tmp/sync-restart-nzo5b0s7/watch/r3 path="early.txt" unix_ns=Some(1789682987624572743)
scheduler: file_mtime repo=/tmp/sync-restart-nzo5b0s7/watch/r3 path="second.txt" unix_ns=Some(1789682987624699643)
scheduler: dispatch repo=/tmp/sync-restart-nzo5b0s7/watch/r3 cycle_ms=875 inspection_ms=320 daemon_ms=2960 unix_ms=1789682990651
🔄 trailing-drain: 1 task(s) still running — deferred to detached registry (repos stay in-flight until tasks finish)
scheduler: cycle_complete elapsed_ms=875
scheduler: task_start repo=/tmp/sync-restart-nzo5b0s7/watch/r3 unix_ms=1789682990653
sync: received SIGTERM, shutting down gracefully...
scheduler: worker_prepare repo=/tmp/sync-restart-nzo5b0s7/watch/r3 phase=before_origin elapsed_ms=67
scheduler: worker_prepare repo=/tmp/sync-restart-nzo5b0s7/watch/r3 phase=before_status elapsed_ms=67
scheduler: worker_prepare repo=/tmp/sync-restart-nzo5b0s7/watch/r3 phase=after_status elapsed_ms=111
scheduler: worker_prepare repo=/tmp/sync-restart-nzo5b0s7/watch/r3 phase=before_pull elapsed_ms=113
scheduler: worker_prepare repo=/tmp/sync-restart-nzo5b0s7/watch/r3 phase=before_clean elapsed_ms=113
